2026-07-13 22:45:24,229 - verify_predictor - INFO - Creating mock assets for prediction testing...
2026-07-13 22:45:24,493 - tensorflow - WARNING - TensorFlow GPU support is not available on native Windows for TensorFlow >= 2.11. Even if CUDA/cuDNN are installed, GPU will not be used. Please use WSL2 or the TensorFlow-DirectML plugin.
2026-07-13 22:45:24,503 - absl - WARNING - You are saving your model as an HDF5 file via `model.save()` or `keras.saving.save_model(model)`. This file format is considered legacy. We recommend using instead the native Keras format, e.g. `model.save('my_model.keras')` or `keras.saving.save_model(model, 'my_model.keras')`. 
2026-07-13 22:45:24,565 - verify_predictor - INFO - Dummy model saved: D:\MLPs\AG-News-Classification\saved_models\verify_predict_temp\dummy_rnn_final_model.h5
2026-07-13 22:45:24,571 - verify_predictor - INFO - Dummy tokenizer saved: D:\MLPs\AG-News-Classification\saved_models\verify_predict_temp\dummy_rnn_tokenizer.pkl
2026-07-13 22:45:24,571 - src.data.label_encoder - INFO - Fitted CustomLabelEncoder on 4 unique classes: [1, 2, 3, 4]
2026-07-13 22:45:24,572 - verify_predictor - INFO - Dummy label encoder saved: D:\MLPs\AG-News-Classification\saved_models\verify_predict_temp\dummy_rnn_label_encoder.pkl
2026-07-13 22:45:24,572 - verify_predictor - INFO - Initializing NLPPredictor...
2026-07-13 22:45:24,573 - src.data.label_encoder - INFO - Loading label encoder from: D:\MLPs\AG-News-Classification\saved_models\verify_predict_temp\dummy_rnn_label_encoder.pkl
2026-07-13 22:45:24,574 - src.utils.file_io - INFO - Pickle file loaded successfully from: D:\MLPs\AG-News-Classification\saved_models\verify_predict_temp\dummy_rnn_label_encoder.pkl
2026-07-13 22:45:24,575 - src.utils.file_io - INFO - Pickle file loaded successfully from: D:\MLPs\AG-News-Classification\saved_models\verify_predict_temp\dummy_rnn_tokenizer.pkl
2026-07-13 22:45:24,575 - NLPPredictor - INFO - Loading Keras model from: D:\MLPs\AG-News-Classification\saved_models\verify_predict_temp\dummy_rnn_final_model.h5
2026-07-13 22:45:24,616 - absl - WARNING - Compiled the loaded model, but the compiled metrics have yet to be built. `model.compile_metrics` will be empty until you train or evaluate the model.
2026-07-13 22:45:24,622 - NLPPredictor - INFO - NLPPredictor successfully initialized for model: 'rnn'
2026-07-13 22:45:24,623 - verify_predictor - INFO - Testing Single Prediction...
2026-07-13 22:45:24,627 - src.data.tokenizer_utils - INFO - Converting 1 texts to sequences...
2026-07-13 22:45:24,843 - verify_predictor - INFO - Single prediction result:
{
    "predicted_class": "Sports",
    "confidence_score": 0.26031312346458435,
    "probability_distribution": {
        "World": 0.24362653493881226,
        "Sports": 0.26031312346458435,
        "Business": 0.24698849022388458,
        "Sci/Tech": 0.24907186627388
    }
}
2026-07-13 22:45:24,844 - verify_predictor - INFO - Testing Batch Prediction...
2026-07-13 22:45:24,844 - src.data.tokenizer_utils - INFO - Converting 2 texts to sequences...
2026-07-13 22:45:25,047 - verify_predictor - INFO - Batch prediction result:
[
    {
        "predicted_class": "Sports",
        "confidence_score": 0.2603299617767334,
        "probability_distribution": {
            "World": 0.24416665732860565,
            "Sports": 0.2603299617767334,
            "Business": 0.24696436524391174,
            "Sci/Tech": 0.2485390305519104
        }
    },
    {
        "predicted_class": "Sports",
        "confidence_score": 0.2603188157081604,
        "probability_distribution": {
            "World": 0.24380651116371155,
            "Sports": 0.2603188157081604,
            "Business": 0.24698051810264587,
            "Sci/Tech": 0.24889419972896576
        }
    }
]
2026-07-13 22:45:25,047 - verify_predictor - INFO - ================================================================================
2026-07-13 22:45:25,047 - verify_predictor - INFO - VERIFICATION COMPLETED SUCCESSFULLY!
2026-07-13 22:45:25,048 - verify_predictor - INFO - ================================================================================
2026-07-13 22:45:25,048 - verify_predictor - INFO - Cleaning up mock files...
2026-07-13 22:45:25,050 - verify_predictor - INFO - Cleanup completed.
