2026-07-11 12:26:45,337 - training_orchestrator - INFO - ============================================================
2026-07-11 12:26:45,338 - training_orchestrator - INFO - STARTING MODEL TRAINING PIPELINE - MODEL: BERT
2026-07-11 12:26:45,338 - training_orchestrator - INFO - ============================================================
2026-07-11 12:26:45,338 - training_orchestrator - INFO - CLI Parameters: {'model': 'bert', 'epochs': 1, 'batch_size': 16, 'learning_rate': 0.001, 'patience': 3, 'min_delta': 0.0001, 'seed': 42}
2026-07-11 12:26:45,338 - src.utils.seed - INFO - Configuring environment with reproducibility seed: 42
2026-07-11 12:26:45,339 - src.utils.seed - INFO - Enforced TensorFlow operation determinism.
2026-07-11 12:26:45,339 - src.utils.seed - INFO - Reproducibility settings successfully configured.
2026-07-11 12:26:45,339 - training_orchestrator - INFO - Loading training and testing CSV datasets...
2026-07-11 12:26:45,339 - src.data.data_loader - INFO - Initializing loading of both train and test datasets.
2026-07-11 12:26:45,340 - src.data.data_loader - INFO - Loading training dataset from: D:\MLPs\AG-News-Classification\data\raw\train.csv
2026-07-11 12:26:45,340 - src.data.data_loader - INFO - File validated successfully: D:\MLPs\AG-News-Classification\data\raw\train.csv
2026-07-11 12:26:45,953 - src.data.data_loader - INFO - Renamed columns for standardization: {'Class Index': 'class', 'Description': 'description'}
2026-07-11 12:26:45,954 - src.data.data_loader - INFO - All required columns validated: ['description', 'class']
2026-07-11 12:26:45,977 - src.data.data_loader - INFO - Column 'description' has no missing values.
2026-07-11 12:26:45,978 - src.data.data_loader - INFO - Column 'class' has no missing values.
2026-07-11 12:26:46,158 - src.data.data_loader - INFO - No duplicate rows found in the dataset.
2026-07-11 12:26:46,170 - src.data.data_loader - INFO - Unique classes found: [np.int64(3), np.int64(4), np.int64(2), np.int64(1)] (Count: 4)
2026-07-11 12:26:46,171 - src.data.data_loader - INFO - Class distribution validation passed successfully.
2026-07-11 12:26:46,367 - src.data.data_loader - INFO - 
============================================================
DATASET SUMMARY: TRAINING DATASET
============================================================
Shape: 120000 rows, 3 columns
------------------------------------------------------------
Columns & Types:
  - class: int64
  - Title: object
  - description: object
------------------------------------------------------------
Missing Values:
  - class: 0
  - Title: 0
  - description: 0
------------------------------------------------------------
Duplicate Rows: 0
------------------------------------------------------------
Class Distribution:
  - Class 3 (Business): 30000 rows (25.00%)
  - Class 4 (Sci/Tech): 30000 rows (25.00%)
  - Class 2 (Sports): 30000 rows (25.00%)
  - Class 1 (World): 30000 rows (25.00%)
============================================================
2026-07-11 12:26:46,371 - src.data.data_loader - INFO - Loading testing dataset from: D:\MLPs\AG-News-Classification\data\raw\test.csv
2026-07-11 12:26:46,371 - src.data.data_loader - INFO - File validated successfully: D:\MLPs\AG-News-Classification\data\raw\test.csv
2026-07-11 12:26:46,412 - src.data.data_loader - INFO - Renamed columns for standardization: {'Class Index': 'class', 'Description': 'description'}
2026-07-11 12:26:46,412 - src.data.data_loader - INFO - All required columns validated: ['description', 'class']
2026-07-11 12:26:46,415 - src.data.data_loader - INFO - Column 'description' has no missing values.
2026-07-11 12:26:46,416 - src.data.data_loader - INFO - Column 'class' has no missing values.
2026-07-11 12:26:46,426 - src.data.data_loader - INFO - No duplicate rows found in the dataset.
2026-07-11 12:26:46,426 - src.data.data_loader - INFO - Unique classes found: [np.int64(3), np.int64(4), np.int64(2), np.int64(1)] (Count: 4)
2026-07-11 12:26:46,426 - src.data.data_loader - INFO - Class distribution validation passed successfully.
2026-07-11 12:26:46,444 - src.data.data_loader - INFO - 
============================================================
DATASET SUMMARY: TESTING DATASET
============================================================
Shape: 7600 rows, 3 columns
------------------------------------------------------------
Columns & Types:
  - class: int64
  - Title: object
  - description: object
------------------------------------------------------------
Missing Values:
  - class: 0
  - Title: 0
  - description: 0
------------------------------------------------------------
Duplicate Rows: 0
------------------------------------------------------------
Class Distribution:
  - Class 3 (Business): 1900 rows (25.00%)
  - Class 4 (Sci/Tech): 1900 rows (25.00%)
  - Class 2 (Sports): 1900 rows (25.00%)
  - Class 1 (World): 1900 rows (25.00%)
============================================================
2026-07-11 12:26:46,444 - src.data.data_loader - INFO - Both training and testing datasets loaded successfully.
2026-07-11 12:26:46,444 - training_orchestrator - INFO - Loaded datasets. Train shape: (120000, 3), Test shape: (7600, 3)
2026-07-11 12:26:46,444 - training_orchestrator - INFO - Executing text cleaning and preprocessing...
2026-07-11 12:26:46,445 - src.data.preprocessing - INFO - Preprocessing text column 'description' in DataFrame...
2026-07-11 12:26:50,191 - src.data.preprocessing - INFO - Preprocessing completed. Saved results to 'description'.
2026-07-11 12:26:50,198 - src.data.preprocessing - INFO - Preprocessing text column 'description' in DataFrame...
2026-07-11 12:26:50,443 - src.data.preprocessing - INFO - Preprocessing completed. Saved results to 'description'.
2026-07-11 12:26:50,447 - training_orchestrator - INFO - Initializing tokenizer training...
2026-07-11 12:26:50,447 - src.data.tokenizer_utils - INFO - Creating Keras Tokenizer with vocab_size=15000, oov_token='<OOV>'
2026-07-11 12:26:50,452 - src.data.tokenizer_utils - INFO - Fitting tokenizer on 120000 text sequences...
2026-07-11 12:26:55,893 - src.data.tokenizer_utils - INFO - Tokenizer fitting complete. Calculated vocab size: 92425
2026-07-11 12:26:55,900 - src.data.tokenizer_utils - INFO - Saving tokenizer to: D:\MLPs\AG-News-Classification\saved_models\bert_tokenizer.pkl
2026-07-11 12:26:56,209 - src.utils.file_io - INFO - Pickle file saved successfully at: D:\MLPs\AG-News-Classification\saved_models\bert_tokenizer.pkl
2026-07-11 12:26:56,210 - training_orchestrator - INFO - Fitted tokenizer saved successfully to: D:\MLPs\AG-News-Classification\saved_models\bert_tokenizer.pkl
2026-07-11 12:26:56,210 - training_orchestrator - INFO - Converting text fields to sequences...
2026-07-11 12:26:56,217 - src.data.tokenizer_utils - INFO - Converting 120000 texts to sequences...
2026-07-11 12:26:59,784 - src.data.tokenizer_utils - INFO - Converting 7600 texts to sequences...
2026-07-11 12:27:00,237 - training_orchestrator - INFO - Padding text sequences to max length of: 80
2026-07-11 12:27:01,000 - training_orchestrator - INFO - Initializing label encoding...
2026-07-11 12:27:01,007 - src.data.label_encoder - INFO - Fitted CustomLabelEncoder on 4 unique classes: [1, 2, 3, 4]
2026-07-11 12:27:01,007 - src.data.label_encoder - INFO - Saving label encoder to: D:\MLPs\AG-News-Classification\saved_models\bert_label_encoder.pkl
2026-07-11 12:27:01,008 - src.utils.file_io - INFO - Pickle file saved successfully at: D:\MLPs\AG-News-Classification\saved_models\bert_label_encoder.pkl
2026-07-11 12:27:01,008 - training_orchestrator - INFO - Label encoder saved successfully to: D:\MLPs\AG-News-Classification\saved_models\bert_label_encoder.pkl
2026-07-11 12:27:01,008 - src.data.label_encoder - INFO - Encoding 120000 labels...
2026-07-11 12:27:01,045 - src.data.label_encoder - INFO - Encoding 7600 labels...
2026-07-11 12:27:01,049 - training_orchestrator - INFO - Creating optimized tf.data.Dataset pipelines...
2026-07-11 12:27:01,049 - src.data.dataset - INFO - Initializing model datasets creation pipeline...
2026-07-11 12:27:01,049 - src.data.dataset - INFO - Splitting dataset with validation_split=0.2 and random_seed=42
2026-07-11 12:27:01,090 - src.data.dataset - INFO - Split complete. Training: 96000 samples, Validation: 24000 samples.
2026-07-11 12:27:01,090 - src.data.dataset - INFO - Creating tf.data.Dataset with features shape: (96000, 80)
2026-07-11 12:27:01,090 - src.data.dataset - INFO - Adding labels with shape: (96000,)
2026-07-11 12:27:01,165 - src.data.dataset - INFO - Creating tf.data.Dataset with features shape: (24000, 80)
2026-07-11 12:27:01,166 - src.data.dataset - INFO - Adding labels with shape: (24000,)
2026-07-11 12:27:01,172 - src.data.dataset - INFO - Creating tf.data.Dataset with features shape: (7600, 80)
2026-07-11 12:27:01,173 - src.data.dataset - INFO - Adding labels with shape: (7600,)
2026-07-11 12:27:01,177 - src.data.dataset - INFO - Optimizing training dataset (shuffled, batched, prefetched)...
2026-07-11 12:27:01,238 - src.data.dataset - INFO - Optimizing validation dataset (batched, prefetched)...
2026-07-11 12:27:01,246 - src.data.dataset - INFO - Optimizing testing dataset (batched, prefetched)...
2026-07-11 12:27:01,257 - src.data.dataset - INFO - Model datasets successfully created and optimized.
2026-07-11 12:27:01,259 - training_orchestrator - INFO - Loading class configuration for model type: 'bert'
2026-07-11 12:27:10,378 - tensorflow - WARNING - From C:\Users\admin\AppData\Local\Programs\Python\Python312\Lib\site-packages\tf_keras\src\losses.py:2976: The name tf.losses.sparse_softmax_cross_entropy is deprecated. Please use tf.compat.v1.losses.sparse_softmax_cross_entropy instead.

2026-07-11 12:27:12,625 - training_orchestrator - INFO - Instantiating model class: BERTModel
2026-07-11 12:27:12,625 - BERTModel - INFO - Initialized BERTModel instance.
2026-07-11 12:27:12,625 - training_orchestrator - INFO - Building model layers...
2026-07-11 12:27:12,625 - BERTModel - INFO - Building BERT model architecture (model_name=bert-base-uncased)...
2026-07-11 12:27:13,924 - tensorflow - WARNING - From C:\Users\admin\AppData\Local\Programs\Python\Python312\Lib\site-packages\tf_keras\src\backend.py:873: The name tf.get_default_graph is deprecated. Please use tf.compat.v1.get_default_graph instead.

2026-07-11 12:27:17,032 - BERTModel - INFO - Configured top 2 encoder layers of BERT as trainable. Rest of the layers are frozen.
2026-07-11 12:27:17,058 - tensorflow - WARNING - From C:\Users\admin\AppData\Local\Programs\Python\Python312\Lib\site-packages\keras\src\backend\tensorflow\core.py:232: The name tf.placeholder is deprecated. Please use tf.compat.v1.placeholder instead.

2026-07-11 12:27:17,066 - training_orchestrator - ERROR - Error encountered during model training: Error occurred in python script name [D:\MLPs\AG-News-Classification\src\models\bert_model.py] line number [145] error message [Exception encountered when calling layer 'tf_bert_model' (type TFBertModel).

Data of type <class 'keras.src.backend.common.keras_tensor.KerasTensor'> is not allowed only (<class 'tensorflow.python.framework.tensor.Tensor'>, <class 'bool'>, <class 'int'>, <class 'transformers.utils.generic.ModelOutput'>, <class 'tuple'>, <class 'list'>, <class 'dict'>, <class 'numpy.ndarray'>) is accepted for attention_mask.

Call arguments received by layer 'tf_bert_model' (type TFBertModel):
  • input_ids=<KerasTensor shape=(None, 80), dtype=int32, sparse=False, ragged=False, name=input_layer>
  • attention_mask=<KerasTensor shape=(None, 80), dtype=float32, sparse=False, ragged=False, name=keras_tensor_2>
  • token_type_ids=None
  • position_ids=None
  • head_mask=None
  • inputs_embeds=None
  • encoder_hidden_states=None
  • encoder_attention_mask=None
  • past_key_values=None
  • use_cache=None
  • output_attentions=None
  • output_hidden_states=None
  • return_dict=None
  • training=False]
